2026-07-08T04:16:51+00:00 [vnseea_call_debug] type=live_create user_id=1 role=host status=200 post_id=4155 stream_name=rn_live_1_1783484210630 room_name=wowonder_live_rn_live_1_1783484210630 ws_url=wss://livekit.hisotechgroup.vn started_at=1783484211
2026-07-08T04:17:20+00:00 [vnseea_call_debug] type=live_join user_id=5 role=viewer status=200 post_id=4155 stream_name=rn_live_1_1783484210630 room_name=wowonder_live_rn_live_1_1783484210630 ws_url=wss://livekit.hisotechgroup.vn stream_state=live heartbeat_age=0
2026-07-08T04:19:00+00:00 [vnseea_call_debug] type=check user_id=1 call_id=235 call_type=video status=calling active=0 started_at=0 started_at_ms=0 elapsed=0 elapsed_ms=0
2026-07-08T04:19:00+00:00 [vnseea_call_debug] type=check user_id=1 call_id=235 call_type=video status=calling active=0 started_at=0 started_at_ms=0 elapsed=0 elapsed_ms=0
2026-07-08T04:19:01+00:00 [vnseea_call_debug] type=check user_id=1 call_id=235 call_type=video status=calling active=0 started_at=0 started_at_ms=0 elapsed=0 elapsed_ms=0
2026-07-08T04:19:01+00:00 [vnseea_call_debug] type=check user_id=1 call_id=235 call_type=video status=answered active=1 started_at=1783484341 started_at_ms=1783484341000 elapsed=0 elapsed_ms=812
2026-07-08T04:19:01+00:00 [vnseea_call_debug] type=payload user_id=1 call_id=235 call_type=video raw_room_name=e87a307190caad2f5a65a3f19839472ad281d6c4 livekit_room=wowonder60af68fa6a36bb50349669b1cbdff00f token_room=wowonder60af68fa6a36bb50349669b1cbdff00f status=answered active=1 started_at=1783484341 started_at_ms=1783484341000 elapsed=0 elapsed_ms=977 ws_url=wss://livekit.hisotechgroup.vn
2026-07-08T04:19:02+00:00 [vnseea_call_debug] type=check user_id=1 call_id=235 call_type=video status=answered active=1 started_at=1783484341 started_at_ms=1783484341000 elapsed=1 elapsed_ms=1357
2026-07-08T04:19:04+00:00 [vnseea_call_debug] type=check user_id=1 call_id=235 call_type=video status=answered active=1 started_at=1783484341 started_at_ms=1783484341000 elapsed=3 elapsed_ms=3091
2026-07-08T04:19:06+00:00 [vnseea_call_debug] type=check user_id=1 call_id=235 call_type=video status=ended active=0 started_at=1783484341 started_at_ms=1783484341000 elapsed=5 elapsed_ms=5431
2026-07-08T04:19:23+00:00 [vnseea_call_debug] type=close_voip_push call_id=235 call_type=video status=declined actor_id=1694 recipient_id=1 sent=1
2026-07-08T04:19:24+00:00 [vnseea_call_debug] type=close_voip_push call_id=235 call_type=video status=declined actor_id=1694 recipient_id=5 sent=1
2026-07-10T08:56:52+00:00 [vnseea_call_debug] type=check user_id=5 call_id=1399 call_type=audio status=calling active=0 started_at=0 started_at_ms=0 elapsed=0 elapsed_ms=0
2026-07-10T08:56:52+00:00 [vnseea_call_debug] type=check user_id=5 call_id=1399 call_type=audio status=calling active=0 started_at=0 started_at_ms=0 elapsed=0 elapsed_ms=0
2026-07-10T08:56:52+00:00 [vnseea_call_debug] type=check user_id=5 call_id=1399 call_type=audio status=calling active=0 started_at=0 started_at_ms=0 elapsed=0 elapsed_ms=0
2026-07-10T08:56:53+00:00 [vnseea_call_debug] type=check user_id=5 call_id=1399 call_type=audio status=calling active=0 started_at=0 started_at_ms=0 elapsed=0 elapsed_ms=0
2026-07-10T08:56:54+00:00 [vnseea_call_debug] type=check user_id=5 call_id=1399 call_type=audio status=calling active=0 started_at=0 started_at_ms=0 elapsed=0 elapsed_ms=0
2026-07-10T08:56:54+00:00 [vnseea_call_debug] type=check user_id=5 call_id=1399 call_type=audio status=calling active=0 started_at=0 started_at_ms=0 elapsed=0 elapsed_ms=0
2026-07-10T08:56:54+00:00 [vnseea_call_debug] type=check user_id=5 call_id=1399 call_type=audio status=calling active=0 started_at=0 started_at_ms=0 elapsed=0 elapsed_ms=0
2026-07-10T08:56:55+00:00 [vnseea_call_debug] type=check user_id=5 call_id=1399 call_type=audio status=calling active=0 started_at=0 started_at_ms=0 elapsed=0 elapsed_ms=0
2026-07-10T08:56:56+00:00 [vnseea_call_debug] type=check user_id=5 call_id=1399 call_type=audio status=calling active=0 started_at=0 started_at_ms=0 elapsed=0 elapsed_ms=0
2026-07-10T08:56:56+00:00 [vnseea_call_debug] type=check user_id=5 call_id=1399 call_type=audio status=calling active=0 started_at=0 started_at_ms=0 elapsed=0 elapsed_ms=0
2026-07-10T08:56:56+00:00 [vnseea_call_debug] type=check user_id=5 call_id=1399 call_type=audio status=calling active=0 started_at=0 started_at_ms=0 elapsed=0 elapsed_ms=0
2026-07-10T08:56:57+00:00 [vnseea_call_debug] type=check user_id=5 call_id=1399 call_type=audio status=calling active=0 started_at=0 started_at_ms=0 elapsed=0 elapsed_ms=0
2026-07-10T08:56:58+00:00 [vnseea_call_debug] type=check user_id=5 call_id=1399 call_type=audio status=calling active=0 started_at=0 started_at_ms=0 elapsed=0 elapsed_ms=0
2026-07-10T08:56:58+00:00 [vnseea_call_debug] type=check user_id=5 call_id=1399 call_type=audio status=calling active=0 started_at=0 started_at_ms=0 elapsed=0 elapsed_ms=0
2026-07-10T08:56:58+00:00 [vnseea_call_debug] type=check user_id=5 call_id=1399 call_type=audio status=calling active=0 started_at=0 started_at_ms=0 elapsed=0 elapsed_ms=0
2026-07-10T08:56:59+00:00 [vnseea_call_debug] type=check user_id=5 call_id=1399 call_type=audio status=calling active=0 started_at=0 started_at_ms=0 elapsed=0 elapsed_ms=0
2026-07-10T08:57:00+00:00 [vnseea_call_debug] type=check user_id=5 call_id=1399 call_type=audio status=calling active=0 started_at=0 started_at_ms=0 elapsed=0 elapsed_ms=0
2026-07-10T08:57:00+00:00 [vnseea_call_debug] type=check user_id=5 call_id=1399 call_type=audio status=calling active=0 started_at=0 started_at_ms=0 elapsed=0 elapsed_ms=0
2026-07-10T08:57:00+00:00 [vnseea_call_debug] type=check user_id=5 call_id=1399 call_type=audio status=calling active=0 started_at=0 started_at_ms=0 elapsed=0 elapsed_ms=0
2026-07-10T08:57:01+00:00 [vnseea_call_debug] type=check user_id=5 call_id=1399 call_type=audio status=calling active=0 started_at=0 started_at_ms=0 elapsed=0 elapsed_ms=0
2026-07-10T08:57:02+00:00 [vnseea_call_debug] type=check user_id=5 call_id=1399 call_type=audio status=calling active=0 started_at=0 started_at_ms=0 elapsed=0 elapsed_ms=0
2026-07-10T08:57:02+00:00 [vnseea_call_debug] type=check user_id=5 call_id=1399 call_type=audio status=calling active=0 started_at=0 started_at_ms=0 elapsed=0 elapsed_ms=0
2026-07-10T08:57:02+00:00 [vnseea_call_debug] type=check user_id=5 call_id=1399 call_type=audio status=calling active=0 started_at=0 started_at_ms=0 elapsed=0 elapsed_ms=0
2026-07-10T08:57:03+00:00 [vnseea_call_debug] type=check user_id=5 call_id=1399 call_type=audio status=calling active=0 started_at=0 started_at_ms=0 elapsed=0 elapsed_ms=0
2026-07-10T08:57:04+00:00 [vnseea_call_debug] type=check user_id=5 call_id=1399 call_type=audio status=calling active=0 started_at=0 started_at_ms=0 elapsed=0 elapsed_ms=0
2026-07-10T08:57:04+00:00 [vnseea_call_debug] type=check user_id=5 call_id=1399 call_type=audio status=calling active=0 started_at=0 started_at_ms=0 elapsed=0 elapsed_ms=0
2026-07-10T08:57:04+00:00 [vnseea_call_debug] type=check user_id=5 call_id=1399 call_type=audio status=calling active=0 started_at=0 started_at_ms=0 elapsed=0 elapsed_ms=0
2026-07-10T08:57:05+00:00 [vnseea_call_debug] type=check user_id=5 call_id=1399 call_type=audio status=calling active=0 started_at=0 started_at_ms=0 elapsed=0 elapsed_ms=0
2026-07-10T08:57:05+00:00 [vnseea_call_debug] type=check user_id=5 call_id=1399 call_type=audio status=calling active=0 started_at=0 started_at_ms=0 elapsed=0 elapsed_ms=0
2026-07-10T08:57:07+00:00 [vnseea_call_debug] type=check user_id=5 call_id=1399 call_type=audio status=calling active=0 started_at=0 started_at_ms=0 elapsed=0 elapsed_ms=0
2026-07-10T08:57:07+00:00 [vnseea_call_debug] type=check user_id=5 call_id=1399 call_type=audio status=calling active=0 started_at=0 started_at_ms=0 elapsed=0 elapsed_ms=0
2026-07-10T08:57:07+00:00 [vnseea_call_debug] type=check user_id=5 call_id=1399 call_type=audio status=calling active=0 started_at=0 started_at_ms=0 elapsed=0 elapsed_ms=0
2026-07-10T08:57:08+00:00 [vnseea_call_debug] type=check user_id=5 call_id=1399 call_type=audio status=calling active=0 started_at=0 started_at_ms=0 elapsed=0 elapsed_ms=0
2026-07-10T08:57:08+00:00 [vnseea_call_debug] type=check user_id=5 call_id=1399 call_type=audio status=calling active=0 started_at=0 started_at_ms=0 elapsed=0 elapsed_ms=0
2026-07-10T08:57:08+00:00 [vnseea_call_debug] type=check user_id=5 call_id=1399 call_type=audio status=calling active=0 started_at=0 started_at_ms=0 elapsed=0 elapsed_ms=0
2026-07-10T08:57:09+00:00 [vnseea_call_debug] type=check user_id=5 call_id=1399 call_type=audio status=calling active=0 started_at=0 started_at_ms=0 elapsed=0 elapsed_ms=0
2026-07-10T08:57:09+00:00 [vnseea_call_debug] type=check user_id=5 call_id=1399 call_type=audio status=calling active=0 started_at=0 started_at_ms=0 elapsed=0 elapsed_ms=0
2026-07-10T08:57:10+00:00 [vnseea_call_debug] type=check user_id=5 call_id=1399 call_type=audio status=calling active=0 started_at=0 started_at_ms=0 elapsed=0 elapsed_ms=0
2026-07-10T08:57:10+00:00 [vnseea_call_debug] type=check user_id=5 call_id=1399 call_type=audio status=calling active=0 started_at=0 started_at_ms=0 elapsed=0 elapsed_ms=0
2026-07-10T08:57:11+00:00 [vnseea_call_debug] type=check user_id=5 call_id=1399 call_type=audio status=calling active=0 started_at=0 started_at_ms=0 elapsed=0 elapsed_ms=0
2026-07-10T08:57:11+00:00 [vnseea_call_debug] type=check user_id=5 call_id=1399 call_type=audio status=calling active=0 started_at=0 started_at_ms=0 elapsed=0 elapsed_ms=0
2026-07-10T08:57:12+00:00 [vnseea_call_debug] type=check user_id=5 call_id=1399 call_type=audio status=calling active=0 started_at=0 started_at_ms=0 elapsed=0 elapsed_ms=0
2026-07-10T08:57:12+00:00 [vnseea_call_debug] type=check user_id=5 call_id=1399 call_type=audio status=calling active=0 started_at=0 started_at_ms=0 elapsed=0 elapsed_ms=0
2026-07-10T08:57:13+00:00 [vnseea_call_debug] type=check user_id=5 call_id=1399 call_type=audio status=calling active=0 started_at=0 started_at_ms=0 elapsed=0 elapsed_ms=0
2026-07-10T08:57:13+00:00 [vnseea_call_debug] type=check user_id=5 call_id=1399 call_type=audio status=calling active=0 started_at=0 started_at_ms=0 elapsed=0 elapsed_ms=0
2026-07-10T08:57:14+00:00 [vnseea_call_debug] type=check user_id=5 call_id=1399 call_type=audio status=calling active=0 started_at=0 started_at_ms=0 elapsed=0 elapsed_ms=0
2026-07-10T08:57:14+00:00 [vnseea_call_debug] type=check user_id=5 call_id=1399 call_type=audio status=calling active=0 started_at=0 started_at_ms=0 elapsed=0 elapsed_ms=0
2026-07-10T08:57:15+00:00 [vnseea_call_debug] type=check user_id=5 call_id=1399 call_type=audio status=calling active=0 started_at=0 started_at_ms=0 elapsed=0 elapsed_ms=0
2026-07-10T08:57:15+00:00 [vnseea_call_debug] type=check user_id=5 call_id=1399 call_type=audio status=calling active=0 started_at=0 started_at_ms=0 elapsed=0 elapsed_ms=0
2026-07-10T08:57:16+00:00 [vnseea_call_debug] type=check user_id=5 call_id=1399 call_type=audio status=calling active=0 started_at=0 started_at_ms=0 elapsed=0 elapsed_ms=0
2026-07-10T08:57:17+00:00 [vnseea_call_debug] type=check user_id=5 call_id=1399 call_type=audio status=calling active=0 started_at=0 started_at_ms=0 elapsed=0 elapsed_ms=0
2026-07-10T08:57:17+00:00 [vnseea_call_debug] type=check user_id=5 call_id=1399 call_type=audio status=calling active=0 started_at=0 started_at_ms=0 elapsed=0 elapsed_ms=0
2026-07-10T08:57:18+00:00 [vnseea_call_debug] type=close_voip_push call_id=1399 call_type=audio status=cancelled actor_id=5 recipient_id=1 sent=1
2026-07-10T08:57:18+00:00 [vnseea_call_debug] type=check user_id=5 call_id=1399 call_type=audio status=cancelled active=0 started_at=0 started_at_ms=0 elapsed=0 elapsed_ms=0
2026-07-10T08:57:54+00:00 [vnseea_call_debug] type=check user_id=5 call_id=1400 call_type=audio status=calling active=0 started_at=0 started_at_ms=0 elapsed=0 elapsed_ms=0
2026-07-10T08:57:55+00:00 [vnseea_call_debug] type=check user_id=5 call_id=1400 call_type=audio status=calling active=0 started_at=0 started_at_ms=0 elapsed=0 elapsed_ms=0
2026-07-10T08:57:55+00:00 [vnseea_call_debug] type=check user_id=5 call_id=1400 call_type=audio status=calling active=0 started_at=0 started_at_ms=0 elapsed=0 elapsed_ms=0
2026-07-10T08:57:56+00:00 [vnseea_call_debug] type=check user_id=5 call_id=1400 call_type=audio status=calling active=0 started_at=0 started_at_ms=0 elapsed=0 elapsed_ms=0
2026-07-10T08:57:56+00:00 [vnseea_call_debug] type=check user_id=5 call_id=1400 call_type=audio status=calling active=0 started_at=0 started_at_ms=0 elapsed=0 elapsed_ms=0
2026-07-10T08:57:57+00:00 [vnseea_call_debug] type=check user_id=5 call_id=1400 call_type=audio status=calling active=0 started_at=0 started_at_ms=0 elapsed=0 elapsed_ms=0
2026-07-10T08:57:58+00:00 [vnseea_call_debug] type=check user_id=5 call_id=1400 call_type=audio status=calling active=0 started_at=0 started_at_ms=0 elapsed=0 elapsed_ms=0
2026-07-10T08:57:58+00:00 [vnseea_call_debug] type=check user_id=5 call_id=1400 call_type=audio status=calling active=0 started_at=0 started_at_ms=0 elapsed=0 elapsed_ms=0
2026-07-10T08:57:59+00:00 [vnseea_call_debug] type=check user_id=5 call_id=1400 call_type=audio status=calling active=0 started_at=0 started_at_ms=0 elapsed=0 elapsed_ms=0
2026-07-10T08:57:59+00:00 [vnseea_call_debug] type=check user_id=5 call_id=1400 call_type=audio status=calling active=0 started_at=0 started_at_ms=0 elapsed=0 elapsed_ms=0
2026-07-10T08:58:00+00:00 [vnseea_call_debug] type=check user_id=5 call_id=1400 call_type=audio status=calling active=0 started_at=0 started_at_ms=0 elapsed=0 elapsed_ms=0
2026-07-10T08:58:00+00:00 [vnseea_call_debug] type=check user_id=5 call_id=1400 call_type=audio status=calling active=0 started_at=0 started_at_ms=0 elapsed=0 elapsed_ms=0
2026-07-10T08:58:01+00:00 [vnseea_call_debug] type=check user_id=5 call_id=1400 call_type=audio status=calling active=0 started_at=0 started_at_ms=0 elapsed=0 elapsed_ms=0
2026-07-10T08:58:01+00:00 [vnseea_call_debug] type=check user_id=5 call_id=1400 call_type=audio status=calling active=0 started_at=0 started_at_ms=0 elapsed=0 elapsed_ms=0
2026-07-10T08:58:02+00:00 [vnseea_call_debug] type=check user_id=5 call_id=1400 call_type=audio status=calling active=0 started_at=0 started_at_ms=0 elapsed=0 elapsed_ms=0
2026-07-10T08:58:02+00:00 [vnseea_call_debug] type=check user_id=5 call_id=1400 call_type=audio status=calling active=0 started_at=0 started_at_ms=0 elapsed=0 elapsed_ms=0
2026-07-10T08:58:03+00:00 [vnseea_call_debug] type=check user_id=5 call_id=1400 call_type=audio status=calling active=0 started_at=0 started_at_ms=0 elapsed=0 elapsed_ms=0
2026-07-10T08:58:03+00:00 [vnseea_call_debug] type=check user_id=5 call_id=1400 call_type=audio status=calling active=0 started_at=0 started_at_ms=0 elapsed=0 elapsed_ms=0
2026-07-10T08:58:04+00:00 [vnseea_call_debug] type=check user_id=5 call_id=1400 call_type=audio status=calling active=0 started_at=0 started_at_ms=0 elapsed=0 elapsed_ms=0
2026-07-10T08:58:04+00:00 [vnseea_call_debug] type=check user_id=5 call_id=1400 call_type=audio status=calling active=0 started_at=0 started_at_ms=0 elapsed=0 elapsed_ms=0
2026-07-10T08:58:05+00:00 [vnseea_call_debug] type=check user_id=5 call_id=1400 call_type=audio status=calling active=0 started_at=0 started_at_ms=0 elapsed=0 elapsed_ms=0
2026-07-10T08:58:05+00:00 [vnseea_call_debug] type=check user_id=5 call_id=1400 call_type=audio status=calling active=0 started_at=0 started_at_ms=0 elapsed=0 elapsed_ms=0
2026-07-10T08:58:06+00:00 [vnseea_call_debug] type=check user_id=5 call_id=1400 call_type=audio status=calling active=0 started_at=0 started_at_ms=0 elapsed=0 elapsed_ms=0
2026-07-10T08:58:07+00:00 [vnseea_call_debug] type=check user_id=5 call_id=1400 call_type=audio status=calling active=0 started_at=0 started_at_ms=0 elapsed=0 elapsed_ms=0
2026-07-10T08:58:07+00:00 [vnseea_call_debug] type=check user_id=5 call_id=1400 call_type=audio status=calling active=0 started_at=0 started_at_ms=0 elapsed=0 elapsed_ms=0
2026-07-10T08:58:08+00:00 [vnseea_call_debug] type=close_voip_push call_id=1400 call_type=audio status=cancelled actor_id=5 recipient_id=1 sent=1
2026-07-10T08:58:08+00:00 [vnseea_call_debug] type=check user_id=5 call_id=1400 call_type=audio status=cancelled active=0 started_at=0 started_at_ms=0 elapsed=0 elapsed_ms=0
2026-07-10T08:58:13+00:00 [vnseea_call_debug] type=check user_id=5 call_id=1401 call_type=audio status=calling active=0 started_at=0 started_at_ms=0 elapsed=0 elapsed_ms=0
2026-07-10T08:58:13+00:00 [vnseea_call_debug] type=check user_id=5 call_id=1401 call_type=audio status=calling active=0 started_at=0 started_at_ms=0 elapsed=0 elapsed_ms=0
2026-07-10T08:58:14+00:00 [vnseea_call_debug] type=check user_id=5 call_id=1401 call_type=audio status=calling active=0 started_at=0 started_at_ms=0 elapsed=0 elapsed_ms=0
2026-07-10T08:58:14+00:00 [vnseea_call_debug] type=check user_id=5 call_id=1401 call_type=audio status=calling active=0 started_at=0 started_at_ms=0 elapsed=0 elapsed_ms=0
2026-07-10T08:58:15+00:00 [vnseea_call_debug] type=check user_id=5 call_id=1401 call_type=audio status=calling active=0 started_at=0 started_at_ms=0 elapsed=0 elapsed_ms=0
2026-07-10T08:58:15+00:00 [vnseea_call_debug] type=check user_id=5 call_id=1401 call_type=audio status=calling active=0 started_at=0 started_at_ms=0 elapsed=0 elapsed_ms=0
2026-07-10T08:58:16+00:00 [vnseea_call_debug] type=check user_id=5 call_id=1401 call_type=audio status=calling active=0 started_at=0 started_at_ms=0 elapsed=0 elapsed_ms=0
2026-07-10T08:58:16+00:00 [vnseea_call_debug] type=check user_id=5 call_id=1401 call_type=audio status=calling active=0 started_at=0 started_at_ms=0 elapsed=0 elapsed_ms=0
2026-07-10T08:58:17+00:00 [vnseea_call_debug] type=check user_id=5 call_id=1401 call_type=audio status=calling active=0 started_at=0 started_at_ms=0 elapsed=0 elapsed_ms=0
2026-07-10T08:58:17+00:00 [vnseea_call_debug] type=check user_id=5 call_id=1401 call_type=audio status=calling active=0 started_at=0 started_at_ms=0 elapsed=0 elapsed_ms=0
2026-07-10T08:58:17+00:00 [vnseea_call_debug] type=check user_id=5 call_id=1401 call_type=audio status=calling active=0 started_at=0 started_at_ms=0 elapsed=0 elapsed_ms=0
2026-07-10T08:58:18+00:00 [vnseea_call_debug] type=check user_id=5 call_id=1401 call_type=audio status=calling active=0 started_at=0 started_at_ms=0 elapsed=0 elapsed_ms=0
2026-07-10T08:58:19+00:00 [vnseea_call_debug] type=check user_id=5 call_id=1401 call_type=audio status=calling active=0 started_at=0 started_at_ms=0 elapsed=0 elapsed_ms=0
2026-07-10T08:58:19+00:00 [vnseea_call_debug] type=check user_id=5 call_id=1401 call_type=audio status=calling active=0 started_at=0 started_at_ms=0 elapsed=0 elapsed_ms=0
2026-07-10T08:58:19+00:00 [vnseea_call_debug] type=check user_id=5 call_id=1401 call_type=audio status=calling active=0 started_at=0 started_at_ms=0 elapsed=0 elapsed_ms=0
2026-07-10T08:58:20+00:00 [vnseea_call_debug] type=close_voip_push call_id=1401 call_type=audio status=cancelled actor_id=5 recipient_id=1 sent=1
2026-07-10T08:58:28+00:00 [vnseea_call_debug] type=check user_id=5 call_id=1402 call_type=audio status=calling active=0 started_at=0 started_at_ms=0 elapsed=0 elapsed_ms=0
2026-07-10T08:58:28+00:00 [vnseea_call_debug] type=check user_id=5 call_id=1402 call_type=audio status=calling active=0 started_at=0 started_at_ms=0 elapsed=0 elapsed_ms=0
2026-07-10T08:58:29+00:00 [vnseea_call_debug] type=check user_id=5 call_id=1402 call_type=audio status=calling active=0 started_at=0 started_at_ms=0 elapsed=0 elapsed_ms=0
2026-07-10T08:58:29+00:00 [vnseea_call_debug] type=check user_id=5 call_id=1402 call_type=audio status=calling active=0 started_at=0 started_at_ms=0 elapsed=0 elapsed_ms=0
2026-07-10T08:58:30+00:00 [vnseea_call_debug] type=check user_id=5 call_id=1402 call_type=audio status=calling active=0 started_at=0 started_at_ms=0 elapsed=0 elapsed_ms=0
2026-07-10T08:58:31+00:00 [vnseea_call_debug] type=check user_id=5 call_id=1402 call_type=audio status=calling active=0 started_at=0 started_at_ms=0 elapsed=0 elapsed_ms=0
2026-07-10T08:58:31+00:00 [vnseea_call_debug] type=check user_id=5 call_id=1402 call_type=audio status=calling active=0 started_at=0 started_at_ms=0 elapsed=0 elapsed_ms=0
2026-07-10T08:58:32+00:00 [vnseea_call_debug] type=check user_id=5 call_id=1402 call_type=audio status=calling active=0 started_at=0 started_at_ms=0 elapsed=0 elapsed_ms=0
2026-07-10T08:58:33+00:00 [vnseea_call_debug] type=check user_id=5 call_id=1402 call_type=audio status=calling active=0 started_at=0 started_at_ms=0 elapsed=0 elapsed_ms=0
2026-07-10T08:58:33+00:00 [vnseea_call_debug] type=check user_id=5 call_id=1402 call_type=audio status=calling active=0 started_at=0 started_at_ms=0 elapsed=0 elapsed_ms=0
2026-07-10T08:58:33+00:00 [vnseea_call_debug] type=check user_id=5 call_id=1402 call_type=audio status=calling active=0 started_at=0 started_at_ms=0 elapsed=0 elapsed_ms=0
2026-07-10T08:58:34+00:00 [vnseea_call_debug] type=check user_id=5 call_id=1402 call_type=audio status=calling active=0 started_at=0 started_at_ms=0 elapsed=0 elapsed_ms=0
2026-07-10T08:58:35+00:00 [vnseea_call_debug] type=check user_id=5 call_id=1402 call_type=audio status=calling active=0 started_at=0 started_at_ms=0 elapsed=0 elapsed_ms=0
2026-07-10T08:58:35+00:00 [vnseea_call_debug] type=check user_id=5 call_id=1402 call_type=audio status=calling active=0 started_at=0 started_at_ms=0 elapsed=0 elapsed_ms=0
2026-07-10T08:58:35+00:00 [vnseea_call_debug] type=check user_id=5 call_id=1402 call_type=audio status=calling active=0 started_at=0 started_at_ms=0 elapsed=0 elapsed_ms=0
2026-07-10T08:58:36+00:00 [vnseea_call_debug] type=check user_id=5 call_id=1402 call_type=audio status=calling active=0 started_at=0 started_at_ms=0 elapsed=0 elapsed_ms=0
2026-07-10T08:58:37+00:00 [vnseea_call_debug] type=check user_id=5 call_id=1402 call_type=audio status=calling active=0 started_at=0 started_at_ms=0 elapsed=0 elapsed_ms=0
2026-07-10T08:58:37+00:00 [vnseea_call_debug] type=check user_id=5 call_id=1402 call_type=audio status=calling active=0 started_at=0 started_at_ms=0 elapsed=0 elapsed_ms=0
2026-07-10T08:58:37+00:00 [vnseea_call_debug] type=check user_id=5 call_id=1402 call_type=audio status=calling active=0 started_at=0 started_at_ms=0 elapsed=0 elapsed_ms=0
2026-07-10T08:58:38+00:00 [vnseea_call_debug] type=check user_id=5 call_id=1402 call_type=audio status=calling active=0 started_at=0 started_at_ms=0 elapsed=0 elapsed_ms=0
2026-07-10T08:58:39+00:00 [vnseea_call_debug] type=check user_id=5 call_id=1402 call_type=audio status=calling active=0 started_at=0 started_at_ms=0 elapsed=0 elapsed_ms=0
2026-07-10T08:58:39+00:00 [vnseea_call_debug] type=check user_id=5 call_id=1402 call_type=audio status=calling active=0 started_at=0 started_at_ms=0 elapsed=0 elapsed_ms=0
2026-07-10T08:58:39+00:00 [vnseea_call_debug] type=check user_id=5 call_id=1402 call_type=audio status=calling active=0 started_at=0 started_at_ms=0 elapsed=0 elapsed_ms=0
2026-07-10T08:58:40+00:00 [vnseea_call_debug] type=check user_id=5 call_id=1402 call_type=audio status=calling active=0 started_at=0 started_at_ms=0 elapsed=0 elapsed_ms=0
2026-07-10T08:58:41+00:00 [vnseea_call_debug] type=check user_id=5 call_id=1402 call_type=audio status=calling active=0 started_at=0 started_at_ms=0 elapsed=0 elapsed_ms=0
2026-07-10T08:58:41+00:00 [vnseea_call_debug] type=check user_id=5 call_id=1402 call_type=audio status=calling active=0 started_at=0 started_at_ms=0 elapsed=0 elapsed_ms=0
2026-07-10T08:58:42+00:00 [vnseea_call_debug] type=answer call_id=1402 call_type=audio actor_id=1 affected_rows=1 already_answered=1 status=answered active=1 started_at=1783673922 started_at_ms=1783673922000 elapsed=0 elapsed_ms=211
2026-07-10T08:58:42+00:00 [vnseea_call_debug] type=check user_id=5 call_id=1402 call_type=audio status=answered active=1 started_at=1783673922 started_at_ms=1783673922000 elapsed=0 elapsed_ms=494
2026-07-10T08:58:42+00:00 [vnseea_call_debug] type=payload user_id=5 call_id=1402 call_type=audio raw_room_name=18ed4f1d10de9c3b7b134664994c6ad361d2787e livekit_room=wowonderecf78a78baa0522bd402606a3ed64674 token_room=wowonderecf78a78baa0522bd402606a3ed64674 status=answered active=1 started_at=1783673922 started_at_ms=1783673922000 elapsed=0 elapsed_ms=587 ws_url=wss://livekit.hisotechgroup.vn
2026-07-10T08:58:44+00:00 [vnseea_call_debug] type=check user_id=5 call_id=1402 call_type=audio status=answered active=1 started_at=1783673922 started_at_ms=1783673922000 elapsed=2 elapsed_ms=2101
2026-07-10T08:58:45+00:00 [vnseea_call_debug] type=payload user_id=1 call_id=1402 call_type=audio raw_room_name=18ed4f1d10de9c3b7b134664994c6ad361d2787e livekit_room=wowonderecf78a78baa0522bd402606a3ed64674 token_room=wowonderecf78a78baa0522bd402606a3ed64674 status=answered active=1 started_at=1783673922 started_at_ms=1783673922000 elapsed=3 elapsed_ms=3085 ws_url=wss://livekit.hisotechgroup.vn
2026-07-10T08:58:45+00:00 [vnseea_call_debug] type=check user_id=1 call_id=1402 call_type=audio status=answered active=1 started_at=1783673922 started_at_ms=1783673922000 elapsed=3 elapsed_ms=3111
2026-07-10T08:58:45+00:00 [vnseea_call_debug] type=check user_id=1 call_id=1402 call_type=audio status=answered active=1 started_at=1783673922 started_at_ms=1783673922000 elapsed=3 elapsed_ms=3136
2026-07-10T08:58:45+00:00 [vnseea_call_debug] type=check user_id=5 call_id=1402 call_type=audio status=answered active=1 started_at=1783673922 started_at_ms=1783673922000 elapsed=3 elapsed_ms=3746
2026-07-10T08:58:46+00:00 [vnseea_call_debug] type=check user_id=1 call_id=1402 call_type=audio status=answered active=1 started_at=1783673922 started_at_ms=1783673922000 elapsed=4 elapsed_ms=4929
2026-07-10T08:58:47+00:00 [vnseea_call_debug] type=check user_id=5 call_id=1402 call_type=audio status=answered active=1 started_at=0 started_at_ms=0 elapsed=0 elapsed_ms=0
2026-07-10T08:58:49+00:00 [vnseea_call_debug] type=check user_id=5 call_id=1402 call_type=audio status=answered active=1 started_at=0 started_at_ms=0 elapsed=0 elapsed_ms=0
2026-07-10T08:58:51+00:00 [vnseea_call_debug] type=check user_id=5 call_id=1402 call_type=audio status=answered active=1 started_at=0 started_at_ms=0 elapsed=0 elapsed_ms=0
2026-07-10T08:58:53+00:00 [vnseea_call_debug] type=check user_id=5 call_id=1402 call_type=audio status=answered active=1 started_at=0 started_at_ms=0 elapsed=0 elapsed_ms=0
2026-07-10T08:58:55+00:00 [vnseea_call_debug] type=check user_id=5 call_id=1402 call_type=audio status=answered active=1 started_at=0 started_at_ms=0 elapsed=0 elapsed_ms=0
2026-07-10T08:58:57+00:00 [vnseea_call_debug] type=check user_id=5 call_id=1402 call_type=audio status=answered active=1 started_at=0 started_at_ms=0 elapsed=0 elapsed_ms=0
2026-07-10T08:58:57+00:00 [vnseea_call_debug] type=check user_id=1 call_id=1402 call_type=audio status=answered active=1 started_at=0 started_at_ms=0 elapsed=0 elapsed_ms=0
2026-07-10T08:58:59+00:00 [vnseea_call_debug] type=check user_id=1 call_id=1402 call_type=audio status=answered active=1 started_at=0 started_at_ms=0 elapsed=0 elapsed_ms=0
2026-07-10T08:58:59+00:00 [vnseea_call_debug] type=check user_id=5 call_id=1402 call_type=audio status=answered active=1 started_at=0 started_at_ms=0 elapsed=0 elapsed_ms=0
2026-07-10T08:59:01+00:00 [vnseea_call_debug] type=check user_id=1 call_id=1402 call_type=audio status=answered active=1 started_at=0 started_at_ms=0 elapsed=0 elapsed_ms=0
2026-07-10T08:59:01+00:00 [vnseea_call_debug] type=check user_id=5 call_id=1402 call_type=audio status=answered active=1 started_at=0 started_at_ms=0 elapsed=0 elapsed_ms=0
2026-07-10T08:59:03+00:00 [vnseea_call_debug] type=check user_id=1 call_id=1402 call_type=audio status=answered active=1 started_at=0 started_at_ms=0 elapsed=0 elapsed_ms=0
2026-07-10T08:59:03+00:00 [vnseea_call_debug] type=check user_id=5 call_id=1402 call_type=audio status=answered active=1 started_at=0 started_at_ms=0 elapsed=0 elapsed_ms=0
2026-07-10T08:59:05+00:00 [vnseea_call_debug] type=close_voip_push call_id=1402 call_type=audio status=ended actor_id=1 recipient_id=5 sent=1
2026-07-10T08:59:09+00:00 [vnseea_call_debug] type=check user_id=5 call_id=236 call_type=video status=calling active=0 started_at=0 started_at_ms=0 elapsed=0 elapsed_ms=0
2026-07-10T08:59:09+00:00 [vnseea_call_debug] type=check user_id=5 call_id=236 call_type=video status=calling active=0 started_at=0 started_at_ms=0 elapsed=0 elapsed_ms=0
2026-07-10T08:59:10+00:00 [vnseea_call_debug] type=check user_id=5 call_id=236 call_type=video status=calling active=0 started_at=0 started_at_ms=0 elapsed=0 elapsed_ms=0
2026-07-10T08:59:10+00:00 [vnseea_call_debug] type=check user_id=5 call_id=236 call_type=video status=calling active=0 started_at=0 started_at_ms=0 elapsed=0 elapsed_ms=0
2026-07-10T08:59:11+00:00 [vnseea_call_debug] type=check user_id=5 call_id=236 call_type=video status=calling active=0 started_at=0 started_at_ms=0 elapsed=0 elapsed_ms=0
2026-07-10T08:59:11+00:00 [vnseea_call_debug] type=check user_id=5 call_id=236 call_type=video status=calling active=0 started_at=0 started_at_ms=0 elapsed=0 elapsed_ms=0
2026-07-10T08:59:12+00:00 [vnseea_call_debug] type=check user_id=5 call_id=236 call_type=video status=calling active=0 started_at=0 started_at_ms=0 elapsed=0 elapsed_ms=0
2026-07-10T08:59:12+00:00 [vnseea_call_debug] type=check user_id=5 call_id=236 call_type=video status=calling active=0 started_at=0 started_at_ms=0 elapsed=0 elapsed_ms=0
2026-07-10T08:59:13+00:00 [vnseea_call_debug] type=check user_id=5 call_id=236 call_type=video status=calling active=0 started_at=0 started_at_ms=0 elapsed=0 elapsed_ms=0
2026-07-10T08:59:13+00:00 [vnseea_call_debug] type=check user_id=5 call_id=236 call_type=video status=calling active=0 started_at=0 started_at_ms=0 elapsed=0 elapsed_ms=0
2026-07-10T08:59:14+00:00 [vnseea_call_debug] type=check user_id=5 call_id=236 call_type=video status=calling active=0 started_at=0 started_at_ms=0 elapsed=0 elapsed_ms=0
2026-07-10T08:59:14+00:00 [vnseea_call_debug] type=check user_id=5 call_id=236 call_type=video status=calling active=0 started_at=0 started_at_ms=0 elapsed=0 elapsed_ms=0
2026-07-10T08:59:15+00:00 [vnseea_call_debug] type=check user_id=5 call_id=236 call_type=video status=calling active=0 started_at=0 started_at_ms=0 elapsed=0 elapsed_ms=0
2026-07-10T08:59:15+00:00 [vnseea_call_debug] type=check user_id=5 call_id=236 call_type=video status=calling active=0 started_at=0 started_at_ms=0 elapsed=0 elapsed_ms=0
2026-07-10T08:59:16+00:00 [vnseea_call_debug] type=check user_id=5 call_id=236 call_type=video status=calling active=0 started_at=0 started_at_ms=0 elapsed=0 elapsed_ms=0
2026-07-10T08:59:16+00:00 [vnseea_call_debug] type=check user_id=5 call_id=236 call_type=video status=calling active=0 started_at=0 started_at_ms=0 elapsed=0 elapsed_ms=0
2026-07-10T08:59:17+00:00 [vnseea_call_debug] type=check user_id=5 call_id=236 call_type=video status=calling active=0 started_at=0 started_at_ms=0 elapsed=0 elapsed_ms=0
2026-07-10T08:59:17+00:00 [vnseea_call_debug] type=check user_id=5 call_id=236 call_type=video status=calling active=0 started_at=0 started_at_ms=0 elapsed=0 elapsed_ms=0
2026-07-10T08:59:18+00:00 [vnseea_call_debug] type=check user_id=5 call_id=236 call_type=video status=calling active=0 started_at=0 started_at_ms=0 elapsed=0 elapsed_ms=0
2026-07-10T08:59:18+00:00 [vnseea_call_debug] type=check user_id=5 call_id=236 call_type=video status=calling active=0 started_at=0 started_at_ms=0 elapsed=0 elapsed_ms=0
2026-07-10T08:59:19+00:00 [vnseea_call_debug] type=check user_id=5 call_id=236 call_type=video status=calling active=0 started_at=0 started_at_ms=0 elapsed=0 elapsed_ms=0
2026-07-10T08:59:19+00:00 [vnseea_call_debug] type=check user_id=5 call_id=236 call_type=video status=calling active=0 started_at=0 started_at_ms=0 elapsed=0 elapsed_ms=0
2026-07-10T08:59:20+00:00 [vnseea_call_debug] type=check user_id=5 call_id=236 call_type=video status=calling active=0 started_at=0 started_at_ms=0 elapsed=0 elapsed_ms=0
2026-07-10T08:59:20+00:00 [vnseea_call_debug] type=check user_id=5 call_id=236 call_type=video status=calling active=0 started_at=0 started_at_ms=0 elapsed=0 elapsed_ms=0
2026-07-10T08:59:21+00:00 [vnseea_call_debug] type=check user_id=5 call_id=236 call_type=video status=calling active=0 started_at=0 started_at_ms=0 elapsed=0 elapsed_ms=0
2026-07-10T08:59:21+00:00 [vnseea_call_debug] type=check user_id=5 call_id=236 call_type=video status=calling active=0 started_at=0 started_at_ms=0 elapsed=0 elapsed_ms=0
2026-07-10T08:59:21+00:00 [vnseea_call_debug] type=check user_id=5 call_id=236 call_type=video status=calling active=0 started_at=0 started_at_ms=0 elapsed=0 elapsed_ms=0
2026-07-10T08:59:22+00:00 [vnseea_call_debug] type=check user_id=5 call_id=236 call_type=video status=calling active=0 started_at=0 started_at_ms=0 elapsed=0 elapsed_ms=0
2026-07-10T08:59:23+00:00 [vnseea_call_debug] type=check user_id=5 call_id=236 call_type=video status=calling active=0 started_at=0 started_at_ms=0 elapsed=0 elapsed_ms=0
2026-07-10T08:59:23+00:00 [vnseea_call_debug] type=check user_id=5 call_id=236 call_type=video status=calling active=0 started_at=0 started_at_ms=0 elapsed=0 elapsed_ms=0
2026-07-10T08:59:24+00:00 [vnseea_call_debug] type=check user_id=5 call_id=236 call_type=video status=calling active=0 started_at=0 started_at_ms=0 elapsed=0 elapsed_ms=0
2026-07-10T08:59:24+00:00 [vnseea_call_debug] type=check user_id=5 call_id=236 call_type=video status=calling active=0 started_at=0 started_at_ms=0 elapsed=0 elapsed_ms=0
2026-07-10T08:59:25+00:00 [vnseea_call_debug] type=check user_id=5 call_id=236 call_type=video status=calling active=0 started_at=0 started_at_ms=0 elapsed=0 elapsed_ms=0
2026-07-10T08:59:25+00:00 [vnseea_call_debug] type=check user_id=5 call_id=236 call_type=video status=calling active=0 started_at=0 started_at_ms=0 elapsed=0 elapsed_ms=0
2026-07-10T08:59:25+00:00 [vnseea_call_debug] type=check user_id=5 call_id=236 call_type=video status=calling active=0 started_at=0 started_at_ms=0 elapsed=0 elapsed_ms=0
2026-07-10T08:59:26+00:00 [vnseea_call_debug] type=check user_id=5 call_id=236 call_type=video status=calling active=0 started_at=0 started_at_ms=0 elapsed=0 elapsed_ms=0
2026-07-10T08:59:27+00:00 [vnseea_call_debug] type=check user_id=5 call_id=236 call_type=video status=calling active=0 started_at=0 started_at_ms=0 elapsed=0 elapsed_ms=0
2026-07-10T08:59:27+00:00 [vnseea_call_debug] type=check user_id=5 call_id=236 call_type=video status=calling active=0 started_at=0 started_at_ms=0 elapsed=0 elapsed_ms=0
2026-07-10T08:59:27+00:00 [vnseea_call_debug] type=check user_id=5 call_id=236 call_type=video status=calling active=0 started_at=0 started_at_ms=0 elapsed=0 elapsed_ms=0
2026-07-10T08:59:28+00:00 [vnseea_call_debug] type=check user_id=5 call_id=236 call_type=video status=calling active=0 started_at=0 started_at_ms=0 elapsed=0 elapsed_ms=0
2026-07-10T08:59:29+00:00 [vnseea_call_debug] type=check user_id=5 call_id=236 call_type=video status=calling active=0 started_at=0 started_at_ms=0 elapsed=0 elapsed_ms=0
2026-07-10T08:59:29+00:00 [vnseea_call_debug] type=check user_id=5 call_id=236 call_type=video status=calling active=0 started_at=0 started_at_ms=0 elapsed=0 elapsed_ms=0
2026-07-10T08:59:29+00:00 [vnseea_call_debug] type=check user_id=5 call_id=236 call_type=video status=calling active=0 started_at=0 started_at_ms=0 elapsed=0 elapsed_ms=0
2026-07-10T08:59:30+00:00 [vnseea_call_debug] type=check user_id=5 call_id=236 call_type=video status=calling active=0 started_at=0 started_at_ms=0 elapsed=0 elapsed_ms=0
2026-07-10T08:59:31+00:00 [vnseea_call_debug] type=check user_id=5 call_id=236 call_type=video status=calling active=0 started_at=0 started_at_ms=0 elapsed=0 elapsed_ms=0
2026-07-10T08:59:31+00:00 [vnseea_call_debug] type=check user_id=5 call_id=236 call_type=video status=calling active=0 started_at=0 started_at_ms=0 elapsed=0 elapsed_ms=0
2026-07-10T08:59:31+00:00 [vnseea_call_debug] type=check user_id=5 call_id=236 call_type=video status=calling active=0 started_at=0 started_at_ms=0 elapsed=0 elapsed_ms=0
2026-07-10T08:59:32+00:00 [vnseea_call_debug] type=check user_id=5 call_id=236 call_type=video status=calling active=0 started_at=0 started_at_ms=0 elapsed=0 elapsed_ms=0
2026-07-10T08:59:33+00:00 [vnseea_call_debug] type=check user_id=5 call_id=236 call_type=video status=calling active=0 started_at=0 started_at_ms=0 elapsed=0 elapsed_ms=0
2026-07-10T08:59:33+00:00 [vnseea_call_debug] type=check user_id=5 call_id=236 call_type=video status=calling active=0 started_at=0 started_at_ms=0 elapsed=0 elapsed_ms=0
2026-07-10T08:59:33+00:00 [vnseea_call_debug] type=check user_id=5 call_id=236 call_type=video status=calling active=0 started_at=0 started_at_ms=0 elapsed=0 elapsed_ms=0
2026-07-10T08:59:34+00:00 [vnseea_call_debug] type=check user_id=5 call_id=236 call_type=video status=calling active=0 started_at=0 started_at_ms=0 elapsed=0 elapsed_ms=0
2026-07-10T08:59:35+00:00 [vnseea_call_debug] type=check user_id=5 call_id=236 call_type=video status=calling active=0 started_at=0 started_at_ms=0 elapsed=0 elapsed_ms=0
2026-07-10T08:59:35+00:00 [vnseea_call_debug] type=check user_id=5 call_id=236 call_type=video status=calling active=0 started_at=0 started_at_ms=0 elapsed=0 elapsed_ms=0
2026-07-10T08:59:35+00:00 [vnseea_call_debug] type=check user_id=5 call_id=236 call_type=video status=calling active=0 started_at=0 started_at_ms=0 elapsed=0 elapsed_ms=0
2026-07-10T08:59:36+00:00 [vnseea_call_debug] type=check user_id=5 call_id=236 call_type=video status=calling active=0 started_at=0 started_at_ms=0 elapsed=0 elapsed_ms=0
2026-07-10T08:59:37+00:00 [vnseea_call_debug] type=check user_id=5 call_id=236 call_type=video status=calling active=0 started_at=0 started_at_ms=0 elapsed=0 elapsed_ms=0
2026-07-10T08:59:37+00:00 [vnseea_call_debug] type=check user_id=5 call_id=236 call_type=video status=calling active=0 started_at=0 started_at_ms=0 elapsed=0 elapsed_ms=0
2026-07-10T08:59:37+00:00 [vnseea_call_debug] type=check user_id=5 call_id=236 call_type=video status=calling active=0 started_at=0 started_at_ms=0 elapsed=0 elapsed_ms=0
2026-07-10T08:59:38+00:00 [vnseea_call_debug] type=check user_id=5 call_id=236 call_type=video status=calling active=0 started_at=0 started_at_ms=0 elapsed=0 elapsed_ms=0
2026-07-10T08:59:39+00:00 [vnseea_call_debug] type=check user_id=5 call_id=236 call_type=video status=calling active=0 started_at=0 started_at_ms=0 elapsed=0 elapsed_ms=0
2026-07-10T08:59:39+00:00 [vnseea_call_debug] type=check user_id=5 call_id=236 call_type=video status=calling active=0 started_at=0 started_at_ms=0 elapsed=0 elapsed_ms=0
2026-07-10T08:59:39+00:00 [vnseea_call_debug] type=check user_id=5 call_id=236 call_type=video status=calling active=0 started_at=0 started_at_ms=0 elapsed=0 elapsed_ms=0
2026-07-10T08:59:40+00:00 [vnseea_call_debug] type=check user_id=5 call_id=236 call_type=video status=calling active=0 started_at=0 started_at_ms=0 elapsed=0 elapsed_ms=0
2026-07-10T08:59:41+00:00 [vnseea_call_debug] type=check user_id=5 call_id=236 call_type=video status=calling active=0 started_at=0 started_at_ms=0 elapsed=0 elapsed_ms=0
2026-07-10T08:59:41+00:00 [vnseea_call_debug] type=close_voip_push call_id=236 call_type=video status=cancelled actor_id=5 recipient_id=1 sent=1
2026-07-10T08:59:50+00:00 [vnseea_call_debug] type=check user_id=5 call_id=237 call_type=video status=calling active=0 started_at=0 started_at_ms=0 elapsed=0 elapsed_ms=0
2026-07-10T08:59:50+00:00 [vnseea_call_debug] type=check user_id=5 call_id=237 call_type=video status=calling active=0 started_at=0 started_at_ms=0 elapsed=0 elapsed_ms=0
2026-07-10T08:59:51+00:00 [vnseea_call_debug] type=check user_id=5 call_id=237 call_type=video status=calling active=0 started_at=0 started_at_ms=0 elapsed=0 elapsed_ms=0
2026-07-10T08:59:51+00:00 [vnseea_call_debug] type=check user_id=5 call_id=237 call_type=video status=calling active=0 started_at=0 started_at_ms=0 elapsed=0 elapsed_ms=0
2026-07-10T08:59:51+00:00 [vnseea_call_debug] type=check user_id=5 call_id=237 call_type=video status=calling active=0 started_at=0 started_at_ms=0 elapsed=0 elapsed_ms=0
2026-07-10T08:59:52+00:00 [vnseea_call_debug] type=check user_id=5 call_id=237 call_type=video status=calling active=0 started_at=0 started_at_ms=0 elapsed=0 elapsed_ms=0
2026-07-10T08:59:53+00:00 [vnseea_call_debug] type=check user_id=5 call_id=237 call_type=video status=calling active=0 started_at=0 started_at_ms=0 elapsed=0 elapsed_ms=0
2026-07-10T08:59:53+00:00 [vnseea_call_debug] type=check user_id=5 call_id=237 call_type=video status=calling active=0 started_at=0 started_at_ms=0 elapsed=0 elapsed_ms=0
2026-07-10T08:59:53+00:00 [vnseea_call_debug] type=check user_id=5 call_id=237 call_type=video status=calling active=0 started_at=0 started_at_ms=0 elapsed=0 elapsed_ms=0
2026-07-10T08:59:54+00:00 [vnseea_call_debug] type=check user_id=5 call_id=237 call_type=video status=calling active=0 started_at=0 started_at_ms=0 elapsed=0 elapsed_ms=0
2026-07-10T08:59:54+00:00 [vnseea_call_debug] type=check user_id=5 call_id=237 call_type=video status=calling active=0 started_at=0 started_at_ms=0 elapsed=0 elapsed_ms=0
2026-07-10T08:59:55+00:00 [vnseea_call_debug] type=answer call_id=237 call_type=video actor_id=1 affected_rows=1 already_answered=1 status=answered active=1 started_at=1783673995 started_at_ms=1783673995000 elapsed=0 elapsed_ms=437
2026-07-10T08:59:55+00:00 [vnseea_call_debug] type=payload user_id=1 call_id=237 call_type=video raw_room_name=d49e9a691410d462ffc1bc7f401871b26542db57 livekit_room=wowonderc5cf342395b0cde985893ac9bceb5386 token_room=wowonderc5cf342395b0cde985893ac9bceb5386 status=answered active=1 started_at=1783673995 started_at_ms=1783673995000 elapsed=0 elapsed_ms=524 ws_url=wss://livekit.hisotechgroup.vn
2026-07-10T08:59:55+00:00 [vnseea_call_debug] type=payload user_id=5 call_id=237 call_type=video raw_room_name=d49e9a691410d462ffc1bc7f401871b26542db57 livekit_room=wowonderc5cf342395b0cde985893ac9bceb5386 token_room=wowonderc5cf342395b0cde985893ac9bceb5386 status=answered active=1 started_at=1783673995 started_at_ms=1783673995000 elapsed=0 elapsed_ms=581 ws_url=wss://livekit.hisotechgroup.vn
2026-07-10T08:59:55+00:00 [vnseea_call_debug] type=check user_id=5 call_id=237 call_type=video status=answered active=1 started_at=1783673995 started_at_ms=1783673995000 elapsed=0 elapsed_ms=874
2026-07-10T08:59:57+00:00 [vnseea_call_debug] type=check user_id=1 call_id=237 call_type=video status=answered active=1 started_at=1783673995 started_at_ms=1783673995000 elapsed=2 elapsed_ms=2262
2026-07-10T08:59:57+00:00 [vnseea_call_debug] type=check user_id=5 call_id=237 call_type=video status=answered active=1 started_at=0 started_at_ms=0 elapsed=0 elapsed_ms=0
2026-07-10T08:59:59+00:00 [vnseea_call_debug] type=check user_id=5 call_id=237 call_type=video status=answered active=1 started_at=0 started_at_ms=0 elapsed=0 elapsed_ms=0
2026-07-10T09:00:01+00:00 [vnseea_call_debug] type=check user_id=5 call_id=237 call_type=video status=answered active=1 started_at=0 started_at_ms=0 elapsed=0 elapsed_ms=0
2026-07-10T09:00:03+00:00 [vnseea_call_debug] type=check user_id=1 call_id=237 call_type=video status=answered active=1 started_at=0 started_at_ms=0 elapsed=0 elapsed_ms=0
2026-07-10T09:00:03+00:00 [vnseea_call_debug] type=check user_id=5 call_id=237 call_type=video status=answered active=1 started_at=0 started_at_ms=0 elapsed=0 elapsed_ms=0
2026-07-10T09:00:04+00:00 [vnseea_call_debug] type=check user_id=1 call_id=237 call_type=video status=answered active=1 started_at=0 started_at_ms=0 elapsed=0 elapsed_ms=0
2026-07-10T09:00:05+00:00 [vnseea_call_debug] type=check user_id=5 call_id=237 call_type=video status=answered active=1 started_at=0 started_at_ms=0 elapsed=0 elapsed_ms=0
2026-07-10T09:00:05+00:00 [vnseea_call_debug] type=check user_id=1 call_id=237 call_type=video status=answered active=1 started_at=0 started_at_ms=0 elapsed=0 elapsed_ms=0
2026-07-10T09:00:07+00:00 [vnseea_call_debug] type=check user_id=1 call_id=237 call_type=video status=answered active=1 started_at=0 started_at_ms=0 elapsed=0 elapsed_ms=0
2026-07-10T09:00:07+00:00 [vnseea_call_debug] type=check user_id=5 call_id=237 call_type=video status=answered active=1 started_at=0 started_at_ms=0 elapsed=0 elapsed_ms=0
2026-07-10T09:00:09+00:00 [vnseea_call_debug] type=check user_id=5 call_id=237 call_type=video status=answered active=1 started_at=0 started_at_ms=0 elapsed=0 elapsed_ms=0
2026-07-10T09:00:09+00:00 [vnseea_call_debug] type=check user_id=1 call_id=237 call_type=video status=answered active=1 started_at=0 started_at_ms=0 elapsed=0 elapsed_ms=0
2026-07-10T09:00:11+00:00 [vnseea_call_debug] type=check user_id=1 call_id=237 call_type=video status=answered active=1 started_at=0 started_at_ms=0 elapsed=0 elapsed_ms=0
2026-07-10T09:00:12+00:00 [vnseea_call_debug] type=check user_id=5 call_id=237 call_type=video status=answered active=1 started_at=0 started_at_ms=0 elapsed=0 elapsed_ms=0
2026-07-10T09:00:13+00:00 [vnseea_call_debug] type=check user_id=1 call_id=237 call_type=video status=answered active=1 started_at=0 started_at_ms=0 elapsed=0 elapsed_ms=0
2026-07-10T09:00:14+00:00 [vnseea_call_debug] type=check user_id=5 call_id=237 call_type=video status=answered active=1 started_at=0 started_at_ms=0 elapsed=0 elapsed_ms=0
2026-07-10T09:00:15+00:00 [vnseea_call_debug] type=check user_id=1 call_id=237 call_type=video status=answered active=1 started_at=0 started_at_ms=0 elapsed=0 elapsed_ms=0
2026-07-10T09:00:16+00:00 [vnseea_call_debug] type=check user_id=5 call_id=237 call_type=video status=answered active=1 started_at=0 started_at_ms=0 elapsed=0 elapsed_ms=0
2026-07-10T09:00:17+00:00 [vnseea_call_debug] type=check user_id=1 call_id=237 call_type=video status=answered active=1 started_at=0 started_at_ms=0 elapsed=0 elapsed_ms=0
2026-07-10T09:00:17+00:00 [vnseea_call_debug] type=check user_id=5 call_id=237 call_type=video status=answered active=1 started_at=0 started_at_ms=0 elapsed=0 elapsed_ms=0
2026-07-10T09:00:19+00:00 [vnseea_call_debug] type=check user_id=1 call_id=237 call_type=video status=answered active=1 started_at=0 started_at_ms=0 elapsed=0 elapsed_ms=0
2026-07-10T09:00:19+00:00 [vnseea_call_debug] type=check user_id=5 call_id=237 call_type=video status=answered active=1 started_at=0 started_at_ms=0 elapsed=0 elapsed_ms=0
2026-07-10T09:00:21+00:00 [vnseea_call_debug] type=check user_id=5 call_id=237 call_type=video status=answered active=1 started_at=0 started_at_ms=0 elapsed=0 elapsed_ms=0
2026-07-10T09:00:21+00:00 [vnseea_call_debug] type=check user_id=1 call_id=237 call_type=video status=answered active=1 started_at=0 started_at_ms=0 elapsed=0 elapsed_ms=0
2026-07-10T09:00:24+00:00 [vnseea_call_debug] type=check user_id=1 call_id=237 call_type=video status=answered active=1 started_at=0 started_at_ms=0 elapsed=0 elapsed_ms=0
2026-07-10T09:00:24+00:00 [vnseea_call_debug] type=check user_id=5 call_id=237 call_type=video status=answered active=1 started_at=0 started_at_ms=0 elapsed=0 elapsed_ms=0
2026-07-10T09:00:25+00:00 [vnseea_call_debug] type=check user_id=1 call_id=237 call_type=video status=answered active=1 started_at=0 started_at_ms=0 elapsed=0 elapsed_ms=0
2026-07-10T09:00:27+00:00 [vnseea_call_debug] type=close_voip_push call_id=237 call_type=video status=ended actor_id=5 recipient_id=1 sent=1
2026-07-10T09:00:27+00:00 [vnseea_call_debug] type=check user_id=5 call_id=237 call_type=video status=ended active=0 started_at=0 started_at_ms=0 elapsed=1 elapsed_ms=1000
2026-07-10T09:50:05+00:00 [vnseea_call_debug] type=check user_id=1680 call_id=1403 call_type=audio status=calling active=0 started_at=0 started_at_ms=0 elapsed=0 elapsed_ms=0
2026-07-10T09:50:05+00:00 [vnseea_call_debug] type=check user_id=1680 call_id=1403 call_type=audio status=calling active=0 started_at=0 started_at_ms=0 elapsed=0 elapsed_ms=0
2026-07-10T09:50:06+00:00 [vnseea_call_debug] type=check user_id=1680 call_id=1403 call_type=audio status=calling active=0 started_at=0 started_at_ms=0 elapsed=0 elapsed_ms=0
2026-07-10T09:50:06+00:00 [vnseea_call_debug] type=check user_id=1680 call_id=1403 call_type=audio status=calling active=0 started_at=0 started_at_ms=0 elapsed=0 elapsed_ms=0
2026-07-10T09:50:07+00:00 [vnseea_call_debug] type=check user_id=1680 call_id=1403 call_type=audio status=calling active=0 started_at=0 started_at_ms=0 elapsed=0 elapsed_ms=0
2026-07-10T09:50:07+00:00 [vnseea_call_debug] type=check user_id=1680 call_id=1403 call_type=audio status=calling active=0 started_at=0 started_at_ms=0 elapsed=0 elapsed_ms=0
2026-07-10T09:50:08+00:00 [vnseea_call_debug] type=check user_id=1680 call_id=1403 call_type=audio status=calling active=0 started_at=0 started_at_ms=0 elapsed=0 elapsed_ms=0
2026-07-10T09:50:08+00:00 [vnseea_call_debug] type=check user_id=1680 call_id=1403 call_type=audio status=calling active=0 started_at=0 started_at_ms=0 elapsed=0 elapsed_ms=0
2026-07-10T09:50:09+00:00 [vnseea_call_debug] type=check user_id=1680 call_id=1403 call_type=audio status=calling active=0 started_at=0 started_at_ms=0 elapsed=0 elapsed_ms=0
2026-07-10T09:50:27+00:00 [vnseea_call_debug] type=answer call_id=1403 call_type=audio actor_id=1679 affected_rows=1 already_answered=1 status=answered active=1 started_at=1783677027 started_at_ms=1783677027000 elapsed=0 elapsed_ms=242
2026-07-10T09:50:28+00:00 [vnseea_call_debug] type=payload user_id=1680 call_id=1403 call_type=audio raw_room_name=97f96e7731e3f24c5207dd194a6af2f4a74ebf8b livekit_room=wowonder53c15d4699927b01bd37858111538e5e token_room=wowonder53c15d4699927b01bd37858111538e5e status=answered active=1 started_at=1783677027 started_at_ms=1783677027000 elapsed=1 elapsed_ms=1147 ws_url=wss://livekit.hisotechgroup.vn
2026-07-10T09:50:28+00:00 [vnseea_call_debug] type=payload user_id=1679 call_id=1403 call_type=audio raw_room_name=97f96e7731e3f24c5207dd194a6af2f4a74ebf8b livekit_room=wowonder53c15d4699927b01bd37858111538e5e token_room=wowonder53c15d4699927b01bd37858111538e5e status=answered active=1 started_at=1783677027 started_at_ms=1783677027000 elapsed=1 elapsed_ms=1234 ws_url=wss://livekit.hisotechgroup.vn
2026-07-10T09:50:28+00:00 [vnseea_call_debug] type=check user_id=1679 call_id=1403 call_type=audio status=answered active=1 started_at=1783677027 started_at_ms=1783677027000 elapsed=1 elapsed_ms=1322
2026-07-10T09:50:30+00:00 [vnseea_call_debug] type=check user_id=1679 call_id=1403 call_type=audio status=answered active=1 started_at=1783677027 started_at_ms=1783677027000 elapsed=3 elapsed_ms=3970
2026-07-10T09:50:32+00:00 [vnseea_call_debug] type=check user_id=1679 call_id=1403 call_type=audio status=answered active=1 started_at=1783677027 started_at_ms=1783677027000 elapsed=5 elapsed_ms=5816
2026-07-10T09:50:34+00:00 [vnseea_call_debug] type=check user_id=1679 call_id=1403 call_type=audio status=answered active=1 started_at=1783677027 started_at_ms=1783677027000 elapsed=7 elapsed_ms=7740
2026-07-10T09:50:37+00:00 [vnseea_call_debug] type=check user_id=1679 call_id=1403 call_type=audio status=answered active=1 started_at=1783677027 started_at_ms=1783677027000 elapsed=10 elapsed_ms=10042
2026-07-10T09:50:38+00:00 [vnseea_call_debug] type=check user_id=1679 call_id=1403 call_type=audio status=answered active=1 started_at=1783677027 started_at_ms=1783677027000 elapsed=11 elapsed_ms=11692
2026-07-10T09:50:40+00:00 [vnseea_call_debug] type=close_voip_push call_id=1403 call_type=audio status=ended actor_id=1679 recipient_id=1680 sent=0
2026-07-10T10:32:36+00:00 [vnseea_call_debug] type=check user_id=1680 call_id=1404 call_type=audio status=calling active=0 started_at=0 started_at_ms=0 elapsed=0 elapsed_ms=0
2026-07-10T10:32:36+00:00 [vnseea_call_debug] type=check user_id=1680 call_id=1404 call_type=audio status=calling active=0 started_at=0 started_at_ms=0 elapsed=0 elapsed_ms=0
2026-07-10T10:32:36+00:00 [vnseea_call_debug] type=check user_id=1680 call_id=1404 call_type=audio status=calling active=0 started_at=0 started_at_ms=0 elapsed=0 elapsed_ms=0
2026-07-10T10:32:37+00:00 [vnseea_call_debug] type=check user_id=1680 call_id=1404 call_type=audio status=calling active=0 started_at=0 started_at_ms=0 elapsed=0 elapsed_ms=0
2026-07-10T10:32:37+00:00 [vnseea_call_debug] type=check user_id=1680 call_id=1404 call_type=audio status=calling active=0 started_at=0 started_at_ms=0 elapsed=0 elapsed_ms=0
2026-07-10T10:32:38+00:00 [vnseea_call_debug] type=check user_id=1680 call_id=1404 call_type=audio status=calling active=0 started_at=0 started_at_ms=0 elapsed=0 elapsed_ms=0
2026-07-10T10:32:38+00:00 [vnseea_call_debug] type=check user_id=1680 call_id=1404 call_type=audio status=calling active=0 started_at=0 started_at_ms=0 elapsed=0 elapsed_ms=0
2026-07-10T10:32:39+00:00 [vnseea_call_debug] type=check user_id=1680 call_id=1404 call_type=audio status=calling active=0 started_at=0 started_at_ms=0 elapsed=0 elapsed_ms=0
2026-07-10T10:32:40+00:00 [vnseea_call_debug] type=check user_id=1680 call_id=1404 call_type=audio status=calling active=0 started_at=0 started_at_ms=0 elapsed=0 elapsed_ms=0
2026-07-10T10:32:40+00:00 [vnseea_call_debug] type=check user_id=1680 call_id=1404 call_type=audio status=calling active=0 started_at=0 started_at_ms=0 elapsed=0 elapsed_ms=0
2026-07-10T10:32:40+00:00 [vnseea_call_debug] type=check user_id=1680 call_id=1404 call_type=audio status=calling active=0 started_at=0 started_at_ms=0 elapsed=0 elapsed_ms=0
2026-07-10T10:32:42+00:00 [vnseea_call_debug] type=check user_id=1680 call_id=1404 call_type=audio status=calling active=0 started_at=0 started_at_ms=0 elapsed=0 elapsed_ms=0
2026-07-10T10:32:42+00:00 [vnseea_call_debug] type=check user_id=1680 call_id=1404 call_type=audio status=calling active=0 started_at=0 started_at_ms=0 elapsed=0 elapsed_ms=0
2026-07-10T10:32:43+00:00 [vnseea_call_debug] type=check user_id=1680 call_id=1404 call_type=audio status=calling active=0 started_at=0 started_at_ms=0 elapsed=0 elapsed_ms=0
2026-07-10T10:32:43+00:00 [vnseea_call_debug] type=check user_id=1680 call_id=1404 call_type=audio status=calling active=0 started_at=0 started_at_ms=0 elapsed=0 elapsed_ms=0
2026-07-10T10:32:44+00:00 [vnseea_call_debug] type=check user_id=1680 call_id=1404 call_type=audio status=calling active=0 started_at=0 started_at_ms=0 elapsed=0 elapsed_ms=0
2026-07-10T10:32:44+00:00 [vnseea_call_debug] type=check user_id=1680 call_id=1404 call_type=audio status=calling active=0 started_at=0 started_at_ms=0 elapsed=0 elapsed_ms=0
2026-07-10T10:33:26+00:00 [vnseea_call_debug] type=answer call_id=1404 call_type=audio actor_id=1679 affected_rows=1 already_answered=1 status=answered active=1 started_at=1783679606 started_at_ms=1783679606000 elapsed=0 elapsed_ms=167
2026-07-10T10:33:26+00:00 [vnseea_call_debug] type=payload user_id=1679 call_id=1404 call_type=audio raw_room_name=7399ddf6f33899fc55afc70c58b9218783c5ccaa livekit_room=wowonder0c95bf5257421cda2938b0be74eab6e7 token_room=wowonder0c95bf5257421cda2938b0be74eab6e7 status=answered active=1 started_at=1783679606 started_at_ms=1783679606000 elapsed=0 elapsed_ms=551 ws_url=wss://livekit.hisotechgroup.vn
2026-07-10T10:33:26+00:00 [vnseea_call_debug] type=check user_id=1679 call_id=1404 call_type=audio status=answered active=1 started_at=1783679606 started_at_ms=1783679606000 elapsed=0 elapsed_ms=970
2026-07-10T10:33:28+00:00 [vnseea_call_debug] type=check user_id=1679 call_id=1404 call_type=audio status=answered active=1 started_at=1783679606 started_at_ms=1783679606000 elapsed=2 elapsed_ms=2854
2026-07-10T10:33:31+00:00 [vnseea_call_debug] type=check user_id=1679 call_id=1404 call_type=audio status=answered active=1 started_at=1783679606 started_at_ms=1783679606000 elapsed=5 elapsed_ms=5316
2026-07-10T10:33:33+00:00 [vnseea_call_debug] type=check user_id=1679 call_id=1404 call_type=audio status=answered active=1 started_at=1783679606 started_at_ms=1783679606000 elapsed=7 elapsed_ms=7481
2026-07-10T10:33:35+00:00 [vnseea_call_debug] type=check user_id=1679 call_id=1404 call_type=audio status=answered active=1 started_at=1783679606 started_at_ms=1783679606000 elapsed=9 elapsed_ms=9317
2026-07-10T10:33:37+00:00 [vnseea_call_debug] type=check user_id=1679 call_id=1404 call_type=audio status=answered active=1 started_at=1783679606 started_at_ms=1783679606000 elapsed=11 elapsed_ms=11329
2026-07-10T10:33:39+00:00 [vnseea_call_debug] type=check user_id=1679 call_id=1404 call_type=audio status=answered active=1 started_at=1783679606 started_at_ms=1783679606000 elapsed=13 elapsed_ms=13328
2026-07-10T10:33:41+00:00 [vnseea_call_debug] type=check user_id=1679 call_id=1404 call_type=audio status=answered active=1 started_at=1783679606 started_at_ms=1783679606000 elapsed=15 elapsed_ms=15335
2026-07-10T10:33:43+00:00 [vnseea_call_debug] type=check user_id=1679 call_id=1404 call_type=audio status=answered active=1 started_at=1783679606 started_at_ms=1783679606000 elapsed=17 elapsed_ms=17359
2026-07-10T10:33:45+00:00 [vnseea_call_debug] type=check user_id=1679 call_id=1404 call_type=audio status=answered active=1 started_at=1783679606 started_at_ms=1783679606000 elapsed=19 elapsed_ms=19354
2026-07-10T10:33:47+00:00 [vnseea_call_debug] type=check user_id=1679 call_id=1404 call_type=audio status=answered active=1 started_at=1783679606 started_at_ms=1783679606000 elapsed=21 elapsed_ms=21354
2026-07-10T10:33:49+00:00 [vnseea_call_debug] type=check user_id=1679 call_id=1404 call_type=audio status=answered active=1 started_at=1783679606 started_at_ms=1783679606000 elapsed=23 elapsed_ms=23362
2026-07-10T10:33:51+00:00 [vnseea_call_debug] type=check user_id=1679 call_id=1404 call_type=audio status=answered active=1 started_at=1783679606 started_at_ms=1783679606000 elapsed=25 elapsed_ms=25374
2026-07-10T10:33:53+00:00 [vnseea_call_debug] type=check user_id=1679 call_id=1404 call_type=audio status=answered active=1 started_at=1783679606 started_at_ms=1783679606000 elapsed=27 elapsed_ms=27389
2026-07-10T10:33:55+00:00 [vnseea_call_debug] type=check user_id=1679 call_id=1404 call_type=audio status=answered active=1 started_at=1783679606 started_at_ms=1783679606000 elapsed=29 elapsed_ms=29445
2026-07-10T10:33:57+00:00 [vnseea_call_debug] type=check user_id=1679 call_id=1404 call_type=audio status=answered active=1 started_at=1783679606 started_at_ms=1783679606000 elapsed=31 elapsed_ms=31383
2026-07-10T10:33:59+00:00 [vnseea_call_debug] type=check user_id=1679 call_id=1404 call_type=audio status=answered active=1 started_at=1783679606 started_at_ms=1783679606000 elapsed=33 elapsed_ms=33379
2026-07-10T10:33:59+00:00 [vnseea_call_debug] type=close_voip_push call_id=1404 call_type=audio status=ended actor_id=1679 recipient_id=1680 sent=0
2026-07-10T10:43:34+00:00 [vnseea_call_debug] type=check user_id=1680 call_id=1405 call_type=audio status=calling active=0 started_at=0 started_at_ms=0 elapsed=0 elapsed_ms=0
2026-07-10T10:43:34+00:00 [vnseea_call_debug] type=check user_id=1680 call_id=1405 call_type=audio status=calling active=0 started_at=0 started_at_ms=0 elapsed=0 elapsed_ms=0
2026-07-10T10:43:34+00:00 [vnseea_call_debug] type=check user_id=1680 call_id=1405 call_type=audio status=calling active=0 started_at=0 started_at_ms=0 elapsed=0 elapsed_ms=0
2026-07-10T10:43:35+00:00 [vnseea_call_debug] type=check user_id=1680 call_id=1405 call_type=audio status=calling active=0 started_at=0 started_at_ms=0 elapsed=0 elapsed_ms=0
2026-07-10T10:43:36+00:00 [vnseea_call_debug] type=check user_id=1680 call_id=1405 call_type=audio status=calling active=0 started_at=0 started_at_ms=0 elapsed=0 elapsed_ms=0
2026-07-10T10:43:36+00:00 [vnseea_call_debug] type=check user_id=1680 call_id=1405 call_type=audio status=calling active=0 started_at=0 started_at_ms=0 elapsed=0 elapsed_ms=0
2026-07-10T10:43:36+00:00 [vnseea_call_debug] type=check user_id=1680 call_id=1405 call_type=audio status=calling active=0 started_at=0 started_at_ms=0 elapsed=0 elapsed_ms=0
2026-07-10T10:43:37+00:00 [vnseea_call_debug] type=check user_id=1680 call_id=1405 call_type=audio status=calling active=0 started_at=0 started_at_ms=0 elapsed=0 elapsed_ms=0
2026-07-10T10:43:38+00:00 [vnseea_call_debug] type=check user_id=1680 call_id=1405 call_type=audio status=calling active=0 started_at=0 started_at_ms=0 elapsed=0 elapsed_ms=0
2026-07-10T10:43:38+00:00 [vnseea_call_debug] type=check user_id=1680 call_id=1405 call_type=audio status=calling active=0 started_at=0 started_at_ms=0 elapsed=0 elapsed_ms=0
2026-07-10T10:43:38+00:00 [vnseea_call_debug] type=check user_id=1680 call_id=1405 call_type=audio status=calling active=0 started_at=0 started_at_ms=0 elapsed=0 elapsed_ms=0
2026-07-10T10:43:40+00:00 [vnseea_call_debug] type=check user_id=1680 call_id=1405 call_type=audio status=calling active=0 started_at=0 started_at_ms=0 elapsed=0 elapsed_ms=0
2026-07-10T10:43:40+00:00 [vnseea_call_debug] type=check user_id=1680 call_id=1405 call_type=audio status=calling active=0 started_at=0 started_at_ms=0 elapsed=0 elapsed_ms=0
2026-07-10T10:43:40+00:00 [vnseea_call_debug] type=check user_id=1680 call_id=1405 call_type=audio status=calling active=0 started_at=0 started_at_ms=0 elapsed=0 elapsed_ms=0
2026-07-10T10:43:40+00:00 [vnseea_call_debug] type=check user_id=1680 call_id=1405 call_type=audio status=calling active=0 started_at=0 started_at_ms=0 elapsed=0 elapsed_ms=0
2026-07-10T10:43:41+00:00 [vnseea_call_debug] type=check user_id=1680 call_id=1405 call_type=audio status=calling active=0 started_at=0 started_at_ms=0 elapsed=0 elapsed_ms=0
2026-07-10T10:43:42+00:00 [vnseea_call_debug] type=check user_id=1680 call_id=1405 call_type=audio status=calling active=0 started_at=0 started_at_ms=0 elapsed=0 elapsed_ms=0
2026-07-10T10:43:42+00:00 [vnseea_call_debug] type=check user_id=1680 call_id=1405 call_type=audio status=calling active=0 started_at=0 started_at_ms=0 elapsed=0 elapsed_ms=0
2026-07-10T10:43:42+00:00 [vnseea_call_debug] type=check user_id=1680 call_id=1405 call_type=audio status=calling active=0 started_at=0 started_at_ms=0 elapsed=0 elapsed_ms=0
2026-07-10T10:43:43+00:00 [vnseea_call_debug] type=check user_id=1680 call_id=1405 call_type=audio status=calling active=0 started_at=0 started_at_ms=0 elapsed=0 elapsed_ms=0
2026-07-10T10:43:44+00:00 [vnseea_call_debug] type=check user_id=1680 call_id=1405 call_type=audio status=calling active=0 started_at=0 started_at_ms=0 elapsed=0 elapsed_ms=0
2026-07-10T10:43:44+00:00 [vnseea_call_debug] type=check user_id=1680 call_id=1405 call_type=audio status=calling active=0 started_at=0 started_at_ms=0 elapsed=0 elapsed_ms=0
2026-07-10T10:43:44+00:00 [vnseea_call_debug] type=check user_id=1680 call_id=1405 call_type=audio status=calling active=0 started_at=0 started_at_ms=0 elapsed=0 elapsed_ms=0
2026-07-10T10:43:45+00:00 [vnseea_call_debug] type=check user_id=1680 call_id=1405 call_type=audio status=calling active=0 started_at=0 started_at_ms=0 elapsed=0 elapsed_ms=0
2026-07-10T10:43:46+00:00 [vnseea_call_debug] type=check user_id=1680 call_id=1405 call_type=audio status=calling active=0 started_at=0 started_at_ms=0 elapsed=0 elapsed_ms=0
2026-07-10T10:43:46+00:00 [vnseea_call_debug] type=check user_id=1680 call_id=1405 call_type=audio status=calling active=0 started_at=0 started_at_ms=0 elapsed=0 elapsed_ms=0
2026-07-10T10:43:46+00:00 [vnseea_call_debug] type=check user_id=1680 call_id=1405 call_type=audio status=calling active=0 started_at=0 started_at_ms=0 elapsed=0 elapsed_ms=0
2026-07-10T10:43:47+00:00 [vnseea_call_debug] type=check user_id=1680 call_id=1405 call_type=audio status=calling active=0 started_at=0 started_at_ms=0 elapsed=0 elapsed_ms=0
2026-07-10T10:43:48+00:00 [vnseea_call_debug] type=check user_id=1680 call_id=1405 call_type=audio status=calling active=0 started_at=0 started_at_ms=0 elapsed=0 elapsed_ms=0
2026-07-10T10:43:48+00:00 [vnseea_call_debug] type=check user_id=1680 call_id=1405 call_type=audio status=calling active=0 started_at=0 started_at_ms=0 elapsed=0 elapsed_ms=0
2026-07-10T10:43:48+00:00 [vnseea_call_debug] type=check user_id=1680 call_id=1405 call_type=audio status=calling active=0 started_at=0 started_at_ms=0 elapsed=0 elapsed_ms=0
2026-07-10T10:43:49+00:00 [vnseea_call_debug] type=check user_id=1680 call_id=1405 call_type=audio status=calling active=0 started_at=0 started_at_ms=0 elapsed=0 elapsed_ms=0
2026-07-10T10:43:50+00:00 [vnseea_call_debug] type=check user_id=1680 call_id=1405 call_type=audio status=calling active=0 started_at=0 started_at_ms=0 elapsed=0 elapsed_ms=0
2026-07-10T10:43:50+00:00 [vnseea_call_debug] type=check user_id=1680 call_id=1405 call_type=audio status=calling active=0 started_at=0 started_at_ms=0 elapsed=0 elapsed_ms=0
2026-07-10T10:43:50+00:00 [vnseea_call_debug] type=check user_id=1680 call_id=1405 call_type=audio status=calling active=0 started_at=0 started_at_ms=0 elapsed=0 elapsed_ms=0
2026-07-10T10:43:51+00:00 [vnseea_call_debug] type=check user_id=1680 call_id=1405 call_type=audio status=calling active=0 started_at=0 started_at_ms=0 elapsed=0 elapsed_ms=0
2026-07-10T10:43:51+00:00 [vnseea_call_debug] type=check user_id=1680 call_id=1405 call_type=audio status=calling active=0 started_at=0 started_at_ms=0 elapsed=0 elapsed_ms=0
2026-07-10T10:43:52+00:00 [vnseea_call_debug] type=check user_id=1680 call_id=1405 call_type=audio status=calling active=0 started_at=0 started_at_ms=0 elapsed=0 elapsed_ms=0
2026-07-10T10:43:52+00:00 [vnseea_call_debug] type=check user_id=1680 call_id=1405 call_type=audio status=calling active=0 started_at=0 started_at_ms=0 elapsed=0 elapsed_ms=0
2026-07-10T10:43:53+00:00 [vnseea_call_debug] type=check user_id=1680 call_id=1405 call_type=audio status=calling active=0 started_at=0 started_at_ms=0 elapsed=0 elapsed_ms=0
2026-07-10T10:43:53+00:00 [vnseea_call_debug] type=check user_id=1680 call_id=1405 call_type=audio status=calling active=0 started_at=0 started_at_ms=0 elapsed=0 elapsed_ms=0
2026-07-10T10:43:54+00:00 [vnseea_call_debug] type=check user_id=1680 call_id=1405 call_type=audio status=calling active=0 started_at=0 started_at_ms=0 elapsed=0 elapsed_ms=0
2026-07-10T10:43:54+00:00 [vnseea_call_debug] type=check user_id=1680 call_id=1405 call_type=audio status=calling active=0 started_at=0 started_at_ms=0 elapsed=0 elapsed_ms=0
2026-07-10T10:43:55+00:00 [vnseea_call_debug] type=check user_id=1680 call_id=1405 call_type=audio status=calling active=0 started_at=0 started_at_ms=0 elapsed=0 elapsed_ms=0
2026-07-10T10:43:55+00:00 [vnseea_call_debug] type=check user_id=1680 call_id=1405 call_type=audio status=calling active=0 started_at=0 started_at_ms=0 elapsed=0 elapsed_ms=0
2026-07-10T10:43:56+00:00 [vnseea_call_debug] type=check user_id=1680 call_id=1405 call_type=audio status=calling active=0 started_at=0 started_at_ms=0 elapsed=0 elapsed_ms=0
2026-07-10T10:43:56+00:00 [vnseea_call_debug] type=check user_id=1680 call_id=1405 call_type=audio status=calling active=0 started_at=0 started_at_ms=0 elapsed=0 elapsed_ms=0
2026-07-10T10:43:57+00:00 [vnseea_call_debug] type=check user_id=1680 call_id=1405 call_type=audio status=calling active=0 started_at=0 started_at_ms=0 elapsed=0 elapsed_ms=0
2026-07-10T10:43:57+00:00 [vnseea_call_debug] type=check user_id=1680 call_id=1405 call_type=audio status=calling active=0 started_at=0 started_at_ms=0 elapsed=0 elapsed_ms=0
2026-07-10T10:43:58+00:00 [vnseea_call_debug] type=check user_id=1680 call_id=1405 call_type=audio status=calling active=0 started_at=0 started_at_ms=0 elapsed=0 elapsed_ms=0
2026-07-10T10:43:58+00:00 [vnseea_call_debug] type=check user_id=1680 call_id=1405 call_type=audio status=calling active=0 started_at=0 started_at_ms=0 elapsed=0 elapsed_ms=0
2026-07-10T10:43:59+00:00 [vnseea_call_debug] type=check user_id=1680 call_id=1405 call_type=audio status=calling active=0 started_at=0 started_at_ms=0 elapsed=0 elapsed_ms=0
2026-07-10T10:43:59+00:00 [vnseea_call_debug] type=check user_id=1680 call_id=1405 call_type=audio status=calling active=0 started_at=0 started_at_ms=0 elapsed=0 elapsed_ms=0
2026-07-10T10:44:00+00:00 [vnseea_call_debug] type=check user_id=1680 call_id=1405 call_type=audio status=calling active=0 started_at=0 started_at_ms=0 elapsed=0 elapsed_ms=0
2026-07-10T10:44:00+00:00 [vnseea_call_debug] type=check user_id=1680 call_id=1405 call_type=audio status=calling active=0 started_at=0 started_at_ms=0 elapsed=0 elapsed_ms=0
2026-07-10T10:44:01+00:00 [vnseea_call_debug] type=check user_id=1680 call_id=1405 call_type=audio status=calling active=0 started_at=0 started_at_ms=0 elapsed=0 elapsed_ms=0
2026-07-10T10:44:01+00:00 [vnseea_call_debug] type=check user_id=1680 call_id=1405 call_type=audio status=calling active=0 started_at=0 started_at_ms=0 elapsed=0 elapsed_ms=0
2026-07-10T10:44:02+00:00 [vnseea_call_debug] type=check user_id=1680 call_id=1405 call_type=audio status=calling active=0 started_at=0 started_at_ms=0 elapsed=0 elapsed_ms=0
2026-07-10T10:44:02+00:00 [vnseea_call_debug] type=check user_id=1680 call_id=1405 call_type=audio status=calling active=0 started_at=0 started_at_ms=0 elapsed=0 elapsed_ms=0
2026-07-10T10:44:03+00:00 [vnseea_call_debug] type=check user_id=1680 call_id=1405 call_type=audio status=calling active=0 started_at=0 started_at_ms=0 elapsed=0 elapsed_ms=0
2026-07-10T10:44:03+00:00 [vnseea_call_debug] type=check user_id=1680 call_id=1405 call_type=audio status=calling active=0 started_at=0 started_at_ms=0 elapsed=0 elapsed_ms=0
2026-07-10T10:44:04+00:00 [vnseea_call_debug] type=check user_id=1680 call_id=1405 call_type=audio status=calling active=0 started_at=0 started_at_ms=0 elapsed=0 elapsed_ms=0
2026-07-10T10:44:04+00:00 [vnseea_call_debug] type=check user_id=1680 call_id=1405 call_type=audio status=calling active=0 started_at=0 started_at_ms=0 elapsed=0 elapsed_ms=0
2026-07-10T10:44:05+00:00 [vnseea_call_debug] type=check user_id=1680 call_id=1405 call_type=audio status=calling active=0 started_at=0 started_at_ms=0 elapsed=0 elapsed_ms=0
2026-07-10T10:44:05+00:00 [vnseea_call_debug] type=check user_id=1680 call_id=1405 call_type=audio status=calling active=0 started_at=0 started_at_ms=0 elapsed=0 elapsed_ms=0
2026-07-10T10:44:06+00:00 [vnseea_call_debug] type=check user_id=1680 call_id=1405 call_type=audio status=calling active=0 started_at=0 started_at_ms=0 elapsed=0 elapsed_ms=0
2026-07-10T10:44:06+00:00 [vnseea_call_debug] type=close_voip_push call_id=1405 call_type=audio status=cancelled actor_id=1680 recipient_id=1679 sent=0
2026-07-10T10:44:09+00:00 [vnseea_call_debug] type=check user_id=1680 call_id=238 call_type=video status=calling active=0 started_at=0 started_at_ms=0 elapsed=0 elapsed_ms=0
2026-07-10T10:44:10+00:00 [vnseea_call_debug] type=check user_id=1680 call_id=238 call_type=video status=calling active=0 started_at=0 started_at_ms=0 elapsed=0 elapsed_ms=0
2026-07-10T10:44:10+00:00 [vnseea_call_debug] type=check user_id=1680 call_id=238 call_type=video status=calling active=0 started_at=0 started_at_ms=0 elapsed=0 elapsed_ms=0
2026-07-10T10:44:11+00:00 [vnseea_call_debug] type=check user_id=1680 call_id=238 call_type=video status=calling active=0 started_at=0 started_at_ms=0 elapsed=0 elapsed_ms=0
2026-07-10T10:44:11+00:00 [vnseea_call_debug] type=check user_id=1680 call_id=238 call_type=video status=calling active=0 started_at=0 started_at_ms=0 elapsed=0 elapsed_ms=0
2026-07-10T10:44:12+00:00 [vnseea_call_debug] type=check user_id=1680 call_id=238 call_type=video status=calling active=0 started_at=0 started_at_ms=0 elapsed=0 elapsed_ms=0
2026-07-10T10:44:12+00:00 [vnseea_call_debug] type=check user_id=1680 call_id=238 call_type=video status=calling active=0 started_at=0 started_at_ms=0 elapsed=0 elapsed_ms=0
2026-07-10T10:44:13+00:00 [vnseea_call_debug] type=check user_id=1680 call_id=238 call_type=video status=calling active=0 started_at=0 started_at_ms=0 elapsed=0 elapsed_ms=0
2026-07-10T10:44:13+00:00 [vnseea_call_debug] type=check user_id=1680 call_id=238 call_type=video status=calling active=0 started_at=0 started_at_ms=0 elapsed=0 elapsed_ms=0
2026-07-10T10:44:15+00:00 [vnseea_call_debug] type=check user_id=1680 call_id=238 call_type=video status=calling active=0 started_at=0 started_at_ms=0 elapsed=0 elapsed_ms=0
2026-07-10T10:44:15+00:00 [vnseea_call_debug] type=check user_id=1680 call_id=238 call_type=video status=calling active=0 started_at=0 started_at_ms=0 elapsed=0 elapsed_ms=0
2026-07-10T10:44:16+00:00 [vnseea_call_debug] type=check user_id=1680 call_id=238 call_type=video status=calling active=0 started_at=0 started_at_ms=0 elapsed=0 elapsed_ms=0
2026-07-10T10:44:17+00:00 [vnseea_call_debug] type=check user_id=1680 call_id=238 call_type=video status=calling active=0 started_at=0 started_at_ms=0 elapsed=0 elapsed_ms=0
2026-07-10T10:44:17+00:00 [vnseea_call_debug] type=check user_id=1680 call_id=238 call_type=video status=calling active=0 started_at=0 started_at_ms=0 elapsed=0 elapsed_ms=0
2026-07-10T10:44:17+00:00 [vnseea_call_debug] type=check user_id=1680 call_id=238 call_type=video status=calling active=0 started_at=0 started_at_ms=0 elapsed=0 elapsed_ms=0
2026-07-10T10:44:17+00:00 [vnseea_call_debug] type=close_voip_push call_id=238 call_type=video status=cancelled actor_id=1680 recipient_id=1679 sent=0
2026-07-10T10:44:20+00:00 [vnseea_call_debug] type=check user_id=1680 call_id=239 call_type=video status=calling active=0 started_at=0 started_at_ms=0 elapsed=0 elapsed_ms=0
2026-07-10T10:44:20+00:00 [vnseea_call_debug] type=check user_id=1680 call_id=239 call_type=video status=calling active=0 started_at=0 started_at_ms=0 elapsed=0 elapsed_ms=0
2026-07-10T10:44:21+00:00 [vnseea_call_debug] type=check user_id=1680 call_id=239 call_type=video status=calling active=0 started_at=0 started_at_ms=0 elapsed=0 elapsed_ms=0
2026-07-10T10:44:22+00:00 [vnseea_call_debug] type=check user_id=1680 call_id=239 call_type=video status=calling active=0 started_at=0 started_at_ms=0 elapsed=0 elapsed_ms=0
2026-07-10T10:44:22+00:00 [vnseea_call_debug] type=check user_id=1680 call_id=239 call_type=video status=calling active=0 started_at=0 started_at_ms=0 elapsed=0 elapsed_ms=0
2026-07-10T10:44:23+00:00 [vnseea_call_debug] type=check user_id=1680 call_id=239 call_type=video status=calling active=0 started_at=0 started_at_ms=0 elapsed=0 elapsed_ms=0
2026-07-10T10:44:23+00:00 [vnseea_call_debug] type=check user_id=1680 call_id=239 call_type=video status=calling active=0 started_at=0 started_at_ms=0 elapsed=0 elapsed_ms=0
2026-07-10T10:44:24+00:00 [vnseea_call_debug] type=check user_id=1680 call_id=239 call_type=video status=calling active=0 started_at=0 started_at_ms=0 elapsed=0 elapsed_ms=0
2026-07-10T10:44:24+00:00 [vnseea_call_debug] type=check user_id=1680 call_id=239 call_type=video status=calling active=0 started_at=0 started_at_ms=0 elapsed=0 elapsed_ms=0
2026-07-10T10:44:25+00:00 [vnseea_call_debug] type=check user_id=1680 call_id=239 call_type=video status=calling active=0 started_at=0 started_at_ms=0 elapsed=0 elapsed_ms=0
2026-07-10T10:44:25+00:00 [vnseea_call_debug] type=check user_id=1680 call_id=239 call_type=video status=calling active=0 started_at=0 started_at_ms=0 elapsed=0 elapsed_ms=0
2026-07-10T10:44:26+00:00 [vnseea_call_debug] type=check user_id=1680 call_id=239 call_type=video status=calling active=0 started_at=0 started_at_ms=0 elapsed=0 elapsed_ms=0
2026-07-10T10:44:26+00:00 [vnseea_call_debug] type=check user_id=1680 call_id=239 call_type=video status=calling active=0 started_at=0 started_at_ms=0 elapsed=0 elapsed_ms=0
2026-07-10T10:44:27+00:00 [vnseea_call_debug] type=check user_id=1680 call_id=239 call_type=video status=calling active=0 started_at=0 started_at_ms=0 elapsed=0 elapsed_ms=0
2026-07-10T10:44:27+00:00 [vnseea_call_debug] type=check user_id=1680 call_id=239 call_type=video status=calling active=0 started_at=0 started_at_ms=0 elapsed=0 elapsed_ms=0
2026-07-10T10:44:28+00:00 [vnseea_call_debug] type=check user_id=1680 call_id=239 call_type=video status=calling active=0 started_at=0 started_at_ms=0 elapsed=0 elapsed_ms=0
2026-07-10T10:44:28+00:00 [vnseea_call_debug] type=check user_id=1680 call_id=239 call_type=video status=calling active=0 started_at=0 started_at_ms=0 elapsed=0 elapsed_ms=0
2026-07-10T10:44:29+00:00 [vnseea_call_debug] type=check user_id=1680 call_id=239 call_type=video status=calling active=0 started_at=0 started_at_ms=0 elapsed=0 elapsed_ms=0
2026-07-10T10:44:29+00:00 [vnseea_call_debug] type=check user_id=1680 call_id=239 call_type=video status=calling active=0 started_at=0 started_at_ms=0 elapsed=0 elapsed_ms=0
2026-07-10T10:44:30+00:00 [vnseea_call_debug] type=check user_id=1680 call_id=239 call_type=video status=calling active=0 started_at=0 started_at_ms=0 elapsed=0 elapsed_ms=0
2026-07-10T10:44:30+00:00 [vnseea_call_debug] type=check user_id=1680 call_id=239 call_type=video status=calling active=0 started_at=0 started_at_ms=0 elapsed=0 elapsed_ms=0
2026-07-10T10:44:31+00:00 [vnseea_call_debug] type=check user_id=1680 call_id=239 call_type=video status=calling active=0 started_at=0 started_at_ms=0 elapsed=0 elapsed_ms=0
2026-07-10T10:44:31+00:00 [vnseea_call_debug] type=check user_id=1680 call_id=239 call_type=video status=calling active=0 started_at=0 started_at_ms=0 elapsed=0 elapsed_ms=0
2026-07-10T10:44:32+00:00 [vnseea_call_debug] type=check user_id=1680 call_id=239 call_type=video status=calling active=0 started_at=0 started_at_ms=0 elapsed=0 elapsed_ms=0
2026-07-10T10:44:32+00:00 [vnseea_call_debug] type=check user_id=1680 call_id=239 call_type=video status=calling active=0 started_at=0 started_at_ms=0 elapsed=0 elapsed_ms=0
2026-07-10T10:44:33+00:00 [vnseea_call_debug] type=check user_id=1680 call_id=239 call_type=video status=calling active=0 started_at=0 started_at_ms=0 elapsed=0 elapsed_ms=0
2026-07-10T10:44:33+00:00 [vnseea_call_debug] type=check user_id=1680 call_id=239 call_type=video status=calling active=0 started_at=0 started_at_ms=0 elapsed=0 elapsed_ms=0
2026-07-10T10:44:34+00:00 [vnseea_call_debug] type=check user_id=1680 call_id=239 call_type=video status=calling active=0 started_at=0 started_at_ms=0 elapsed=0 elapsed_ms=0
2026-07-10T10:44:34+00:00 [vnseea_call_debug] type=check user_id=1680 call_id=239 call_type=video status=calling active=0 started_at=0 started_at_ms=0 elapsed=0 elapsed_ms=0
2026-07-10T10:44:35+00:00 [vnseea_call_debug] type=check user_id=1680 call_id=239 call_type=video status=calling active=0 started_at=0 started_at_ms=0 elapsed=0 elapsed_ms=0
2026-07-10T10:44:35+00:00 [vnseea_call_debug] type=check user_id=1680 call_id=239 call_type=video status=calling active=0 started_at=0 started_at_ms=0 elapsed=0 elapsed_ms=0
2026-07-10T10:44:36+00:00 [vnseea_call_debug] type=check user_id=1680 call_id=239 call_type=video status=calling active=0 started_at=0 started_at_ms=0 elapsed=0 elapsed_ms=0
2026-07-10T10:44:36+00:00 [vnseea_call_debug] type=check user_id=1680 call_id=239 call_type=video status=calling active=0 started_at=0 started_at_ms=0 elapsed=0 elapsed_ms=0
2026-07-10T10:44:37+00:00 [vnseea_call_debug] type=check user_id=1680 call_id=239 call_type=video status=calling active=0 started_at=0 started_at_ms=0 elapsed=0 elapsed_ms=0
2026-07-10T10:44:37+00:00 [vnseea_call_debug] type=close_voip_push call_id=239 call_type=video status=cancelled actor_id=1680 recipient_id=1679 sent=0
